<?xml version="1.0" encoding="UTF-8"?>
<TestRun id="662203a0-d1b4-4e66-9e42-9c45a57b0490" name="edrih@DESKTOP-5PTD0NC 2018-12-02 14:29:59" runUser="DESKTOP-5PTD0NC\edrih" xmlns="http://microsoft.com/schemas/VisualStudio/TeamTest/2010">
  <TestSettings name="Default Test Settings" id="d76a1d59-3ecb-4ea7-b3f5-fd68da674049">
    <Execution>
      <TestTypeSpecific />
      <AgentRule name="Execution Agents">
      </AgentRule>
    </Execution>
    <Deployment runDeploymentRoot="edrih_DESKTOP-5PTD0NC 2018-12-02 14_29_59" />
    <Properties />
  </TestSettings>
  <Times creation="2018-12-02T14:29:59.7268230+02:00" queuing="2018-12-02T14:30:00.6106132+02:00" start="2018-12-02T14:30:00.6864105+02:00" finish="2018-12-02T14:30:01.4159802+02:00" />
  <ResultSummary outcome="Warning">
    <Counters total="5" executed="5" passed="5" error="0" failed="0" timeout="0" aborted="0" inconclusive="0" passedButRunAborted="0" notRunnable="0" notExecuted="0" disconnected="0" warning="0" completed="0" inProgress="0" pending="0" />
    <RunInfos>
      <RunInfo computerName="DESKTOP-5PTD0NC" outcome="Warning" timestamp="2018-12-02T14:30:00.5901866+02:00">
        <Text>Warning: Test Run deployment issue: The assembly or module 'WebGrease' directly or indirectly referenced by the test container 'D:\c-sharp-mvc4api-unit-test-example-project\mvcapplicationtest.tests\bin\debug\mvcapplicationtest.tests.dll' was not found.</Text>
      </RunInfo>
    </RunInfos>
  </ResultSummary>
  <TestDefinitions>
    <UnitTest name="Delete" storage="mvcapplicationtest.tests\bin\debug\mvcapplicationtest.tests.dll" id="5daee9c3-353f-5dd4-51c3-0e5f527edcf9">
      <Execution id="c71bce0f-dffa-43a1-bfa4-2af2505a9af2" />
      <TestMethod codeBase="D:/c-sharp-mvc4api-unit-test-example-project/MvcApplicationTest.Tests/bin/Debug/MvcApplicationTest.Tests.DLL" adapterTypeName="Microsoft.VisualStudio.TestTools.TestTypes.Unit.UnitTestAdapter, Microsoft.VisualStudio.QualityTools.Tips.UnitTest.Adapter, Version=15.0.0.0, Culture=neutral, PublicKeyToken=b03f5f7f11d50a3a" className="MvcApplicationTest.Tests.Controllers.ValuesControllerTest, MvcApplicationTest.Tests, Version=1.0.0.0, Culture=neutral, PublicKeyToken=null" name="Delete" />
    </UnitTest>
    <UnitTest name="Put" storage="mvcapplicationtest.tests\bin\debug\mvcapplicationtest.tests.dll" id="4e93a872-32dc-b627-cd95-4a2792bad3f0">
      <Execution id="0839a9fc-48a4-40e0-986c-2afa5a94871b" />
      <TestMethod codeBase="D:/c-sharp-mvc4api-unit-test-example-project/MvcApplicationTest.Tests/bin/Debug/MvcApplicationTest.Tests.DLL" adapterTypeName="Microsoft.VisualStudio.TestTools.TestTypes.Unit.UnitTestAdapter, Microsoft.VisualStudio.QualityTools.Tips.UnitTest.Adapter, Version=15.0.0.0, Culture=neutral, PublicKeyToken=b03f5f7f11d50a3a" className="MvcApplicationTest.Tests.Controllers.ValuesControllerTest, MvcApplicationTest.Tests, Version=1.0.0.0, Culture=neutral, PublicKeyToken=null" name="Put" />
    </UnitTest>
    <UnitTest name="Post" storage="mvcapplicationtest.tests\bin\debug\mvcapplicationtest.tests.dll" id="1bf27a65-d97a-44ae-dd3c-0f2a5b7d7cd6">
      <Execution id="313ad5fe-1129-4c1b-a13d-e53c64a006c7" />
      <TestMethod codeBase="D:/c-sharp-mvc4api-unit-test-example-project/MvcApplicationTest.Tests/bin/Debug/MvcApplicationTest.Tests.DLL" adapterTypeName="Microsoft.VisualStudio.TestTools.TestTypes.Unit.UnitTestAdapter, Microsoft.VisualStudio.QualityTools.Tips.UnitTest.Adapter, Version=15.0.0.0, Culture=neutral, PublicKeyToken=b03f5f7f11d50a3a" className="MvcApplicationTest.Tests.Controllers.ValuesControllerTest, MvcApplicationTest.Tests, Version=1.0.0.0, Culture=neutral, PublicKeyToken=null" name="Post" />
    </UnitTest>
    <UnitTest name="GetById" storage="mvcapplicationtest.tests\bin\debug\mvcapplicationtest.tests.dll" id="17538339-ede9-9fc1-d303-3baf1ab34e8b">
      <Execution id="1afe9ed1-8bae-4a79-95de-fb05363fc90e" />
      <TestMethod codeBase="D:/c-sharp-mvc4api-unit-test-example-project/MvcApplicationTest.Tests/bin/Debug/MvcApplicationTest.Tests.DLL" adapterTypeName="Microsoft.VisualStudio.TestTools.TestTypes.Unit.UnitTestAdapter, Microsoft.VisualStudio.QualityTools.Tips.UnitTest.Adapter, Version=15.0.0.0, Culture=neutral, PublicKeyToken=b03f5f7f11d50a3a" className="MvcApplicationTest.Tests.Controllers.ValuesControllerTest, MvcApplicationTest.Tests, Version=1.0.0.0, Culture=neutral, PublicKeyToken=null" name="GetById" />
    </UnitTest>
    <UnitTest name="Get" storage="mvcapplicationtest.tests\bin\debug\mvcapplicationtest.tests.dll" id="7d309fc5-8cac-dc6c-4700-ae39ad65fff1">
      <Execution id="9ae8b11f-8334-4690-acbe-9587368d4b3c" />
      <TestMethod codeBase="D:/c-sharp-mvc4api-unit-test-example-project/MvcApplicationTest.Tests/bin/Debug/MvcApplicationTest.Tests.DLL" adapterTypeName="Microsoft.VisualStudio.TestTools.TestTypes.Unit.UnitTestAdapter, Microsoft.VisualStudio.QualityTools.Tips.UnitTest.Adapter, Version=15.0.0.0, Culture=neutral, PublicKeyToken=b03f5f7f11d50a3a" className="MvcApplicationTest.Tests.Controllers.ValuesControllerTest, MvcApplicationTest.Tests, Version=1.0.0.0, Culture=neutral, PublicKeyToken=null" name="Get" />
    </UnitTest>
  </TestDefinitions>
  <TestLists>
    <TestList name="Results Not in a List" id="8c84fa94-04c1-424b-9868-57a2d4851a1d" />
    <TestList name="All Loaded Results" id="19431567-8539-422a-85d7-44ee4e166bda" />
  </TestLists>
  <TestEntries>
    <TestEntry testId="5daee9c3-353f-5dd4-51c3-0e5f527edcf9" executionId="c71bce0f-dffa-43a1-bfa4-2af2505a9af2" testListId="8c84fa94-04c1-424b-9868-57a2d4851a1d" />
    <TestEntry testId="7d309fc5-8cac-dc6c-4700-ae39ad65fff1" executionId="9ae8b11f-8334-4690-acbe-9587368d4b3c" testListId="8c84fa94-04c1-424b-9868-57a2d4851a1d" />
    <TestEntry testId="17538339-ede9-9fc1-d303-3baf1ab34e8b" executionId="1afe9ed1-8bae-4a79-95de-fb05363fc90e" testListId="8c84fa94-04c1-424b-9868-57a2d4851a1d" />
    <TestEntry testId="1bf27a65-d97a-44ae-dd3c-0f2a5b7d7cd6" executionId="313ad5fe-1129-4c1b-a13d-e53c64a006c7" testListId="8c84fa94-04c1-424b-9868-57a2d4851a1d" />
    <TestEntry testId="4e93a872-32dc-b627-cd95-4a2792bad3f0" executionId="0839a9fc-48a4-40e0-986c-2afa5a94871b" testListId="8c84fa94-04c1-424b-9868-57a2d4851a1d" />
  </TestEntries>
  <Results>
    <UnitTestResult executionId="c71bce0f-dffa-43a1-bfa4-2af2505a9af2" testId="5daee9c3-353f-5dd4-51c3-0e5f527edcf9" testName="Delete" computerName="DESKTOP-5PTD0NC" duration="00:00:00.0830324" startTime="2018-12-02T14:30:00.8399978+02:00" endTime="2018-12-02T14:30:01.3351641+02:00" testType="13cdc9d9-ddb5-4fa4-a97d-d965ccfc6d4b" outcome="Passed" testListId="8c84fa94-04c1-424b-9868-57a2d4851a1d" relativeResultsDirectory="c71bce0f-dffa-43a1-bfa4-2af2505a9af2">
    </UnitTestResult>
    <UnitTestResult executionId="9ae8b11f-8334-4690-acbe-9587368d4b3c" testId="7d309fc5-8cac-dc6c-4700-ae39ad65fff1" testName="Get" computerName="DESKTOP-5PTD0NC" duration="00:00:00.0011745" startTime="2018-12-02T14:30:01.3421476+02:00" endTime="2018-12-02T14:30:01.3451378+02:00" testType="13cdc9d9-ddb5-4fa4-a97d-d965ccfc6d4b" outcome="Passed" testListId="8c84fa94-04c1-424b-9868-57a2d4851a1d" relativeResultsDirectory="9ae8b11f-8334-4690-acbe-9587368d4b3c">
    </UnitTestResult>
    <UnitTestResult executionId="1afe9ed1-8bae-4a79-95de-fb05363fc90e" testId="17538339-ede9-9fc1-d303-3baf1ab34e8b" testName="GetById" computerName="DESKTOP-5PTD0NC" duration="00:00:00.0002216" startTime="2018-12-02T14:30:01.3521189+02:00" endTime="2018-12-02T14:30:01.3541136+02:00" testType="13cdc9d9-ddb5-4fa4-a97d-d965ccfc6d4b" outcome="Passed" testListId="8c84fa94-04c1-424b-9868-57a2d4851a1d" relativeResultsDirectory="1afe9ed1-8bae-4a79-95de-fb05363fc90e">
    </UnitTestResult>
    <UnitTestResult executionId="313ad5fe-1129-4c1b-a13d-e53c64a006c7" testId="1bf27a65-d97a-44ae-dd3c-0f2a5b7d7cd6" testName="Post" computerName="DESKTOP-5PTD0NC" duration="00:00:00.0002232" startTime="2018-12-02T14:30:01.3610959+02:00" endTime="2018-12-02T14:30:01.3630914+02:00" testType="13cdc9d9-ddb5-4fa4-a97d-d965ccfc6d4b" outcome="Passed" testListId="8c84fa94-04c1-424b-9868-57a2d4851a1d" relativeResultsDirectory="313ad5fe-1129-4c1b-a13d-e53c64a006c7">
    </UnitTestResult>
    <UnitTestResult executionId="0839a9fc-48a4-40e0-986c-2afa5a94871b" testId="4e93a872-32dc-b627-cd95-4a2792bad3f0" testName="Put" computerName="DESKTOP-5PTD0NC" duration="00:00:00.0001935" startTime="2018-12-02T14:30:01.3700733+02:00" endTime="2018-12-02T14:30:01.3720676+02:00" testType="13cdc9d9-ddb5-4fa4-a97d-d965ccfc6d4b" outcome="Passed" testListId="8c84fa94-04c1-424b-9868-57a2d4851a1d" relativeResultsDirectory="0839a9fc-48a4-40e0-986c-2afa5a94871b">
    </UnitTestResult>
  </Results>
</TestRun>